1 2 3 4 5 
a b c d e 
h e l l o   w o r l d 
d l r o w   o l l e h 
