1
5
8
[1 2 3 4 5 6 7 8 9 10]
[1 2 3 4 5 6 7 8 5 10]
[1 2 3 4 5 6 7 8 5 10]
[1 2 3 4 5 6 7 8 5 10]
[1 2 3 4 5 6 7 8 5 10 0]
[1 2 3 109 5 6 7 8 5 10]
[1 2 3 4 5 6 7 8 5 10 0]
